<?xml version="1.0" encoding="UTF-8"?>
<testsuite name="SampleTests" tests="1" failures="0">
    <testcase classname="sample" name="test_example"/>
</testsuite>
